<html>
<body>
<pre>
<h1>µVision Build Log</h1>
<h2>Tool Versions:</h2>
IDE-Version: µVision V5.18a
Copyright (C) 2016 ARM Ltd and ARM Germany GmbH. All rights reserved.
License Information: duc tran, tis, LIC=8QQDY-I05WN-QSJY2-979UY-UXXR2-QUULY
 
Tool Versions:
Toolchain:       MDK-ARM Basic (256K)  Version: 5.18a
Toolchain Path:  E:\Keil_v5\ARM\ARMCC\Bin
C Compiler:      Armcc.exe V5.06 update 1 (build 61)
Assembler:       Armasm.exe V5.06 update 1 (build 61)
Linker/Locator:  ArmLink.exe V5.06 update 1 (build 61)
Library Manager: ArmAr.exe V5.06 update 1 (build 61)
Hex Converter:   FromElf.exe V5.06 update 1 (build 61)
CPU DLL:         SARMCM3.DLL V5.18a
Dialog DLL:      DCM.DLL V1.13.6.0
Target DLL:      STLink\ST-LINKIII-KEIL_SWO.dll V2.0.18.0
Dialog DLL:      TCM.DLL V1.14.8.0
 
<h2>Project:</h2>
F:\TIS-RD\Vanphongchinh\MDK-ARM\Freertos-Vanphongchinh.uvproj
Project File Date:  05/11/2016

<h2>Output:</h2>
*** Using Compiler 'V5.06 update 1 (build 61)', folder: 'E:\Keil_v5\ARM\ARMCC\Bin'
Build target 'stm32f4_blink_freertos'
compiling system_stm32f4xx.c...
linking...
.\bin\project1.hex: Warning: L6304W: Duplicate input file .\bin\system_stm32f4xx_1.o ignored.
Program Size: Code=46414 RO-data=2342 RW-data=692 ZI-data=80004  
Finished: 0 information, 1 warning and 0 error messages.
FromELF: creating hex file...
".\bin\project1.hex" - 0 Error(s), 1 Warning(s).
Build Time Elapsed:  00:00:01
</pre>
</body>
</html>
