<html>
<body>
<pre>
<h1>µVision Build Log</h1>
<h2>Tool Versions:</h2>
IDE-Version: µVision V5.14.0.0
Copyright (C) 2015 ARM Ltd and ARM Germany GmbH. All rights reserved.
License Information: tran duc, tran duc, LIC=WC9MM-XVJ1T-QR9X2-9G755-2LW2P-WACZL
 
Tool Versions:
Toolchain:       MDK-ARM Basic (256K)  Version: 5.14.0.0
Toolchain Path:  D:\Keil_v5\ARM\ARMCC\Bin
C Compiler:      Armcc.exe V5.05 update 1 (build 106)
Assembler:       Armasm.exe V5.05 update 1 (build 106)
Linker/Locator:  ArmLink.exe V5.05 update 1 (build 106)
Library Manager: ArmAr.exe V5.05 update 1 (build 106)
Hex Converter:   FromElf.exe V5.05 update 1 (build 106)
CPU DLL:         SARMCM3.DLL V5.14.0.0
Dialog DLL:      DCM.DLL V1.13.1.0
Target DLL:      UL2CM3.DLL V1.155.0.0
Dialog DLL:      TCM.DLL V1.14.4.0
 
<h2>Project:</h2>
E:\TIS-RD\Fanxipan\MDK-ARM\Freertos-Fanxipan.uvproj
Project File Date:  04/07/2016

<h2>Output:</h2>
Build target 'stm32f4_blink_freertos'
compiling main.c...
compiling system_stm32f4xx.c...
linking...
.\bin\Fansipan.hex: Warning: L6304W: Duplicate input file .\bin\system_stm32f4xx_1.o ignored.
Program Size: Code=86832 RO-data=8420 RW-data=1716 ZI-data=117148  
Finished: 0 information, 1 warning and 0 error messages.
FromELF: creating hex file...
".\bin\Fansipan.hex" - 0 Error(s), 1 Warning(s).
</pre>
</body>
</html>
